<?xml version="1.0" encoding="UTF-8"?>
<Package xmlns="http://soap.sforce.com/2006/04/metadata">
    <types>
        <members>dreamhouse.Broker__c.Broker_Id__c</members>
        <members>dreamhouse.Broker__c.Email__c</members>
        <members>dreamhouse.Broker__c.Mobile_Phone__c</members>
        <members>dreamhouse.Broker__c.Phone__c</members>
        <members>dreamhouse.Broker__c.Picture_IMG__c</members>
        <members>dreamhouse.Broker__c.Picture__c</members>
        <members>dreamhouse.Broker__c.Title__c</members>
        <members>dreamhouse.Property__c.Address__c</members>
        <members>dreamhouse.Property__c.Assessed_Value__c</members>
        <members>dreamhouse.Property__c.Baths__c</members>
        <members>dreamhouse.Property__c.Beds__c</members>
        <members>dreamhouse.Property__c.Broker__c</members>
        <members>dreamhouse.Property__c.City__c</members>
        <members>dreamhouse.Property__c.Date_Agreement__c</members>
        <members>dreamhouse.Property__c.Date_Closed__c</members>
        <members>dreamhouse.Property__c.Date_Contracted__c</members>
        <members>dreamhouse.Property__c.Date_Listed__c</members>
        <members>dreamhouse.Property__c.Date_Pre_Market__c</members>
        <members>dreamhouse.Property__c.Days_On_Market__c</members>
        <members>dreamhouse.Property__c.Description__c</members>
        <members>dreamhouse.Property__c.Location__c</members>
        <members>dreamhouse.Property__c.Name</members>
        <members>dreamhouse.Property__c.Picture_IMG__c</members>
        <members>dreamhouse.Property__c.Picture__c</members>
        <members>dreamhouse.Property__c.Price_Sold__c</members>
        <members>dreamhouse.Property__c.Price__c</members>
        <members>dreamhouse.Property__c.Record_Link__c</members>
        <members>dreamhouse.Property__c.State__c</members>
        <members>dreamhouse.Property__c.Status__c</members>
        <members>dreamhouse.Property__c.Tags__c</members>
        <members>dreamhouse.Property__c.Thumbnail_IMG__c</members>
        <members>dreamhouse.Property__c.Thumbnail__c</members>
        <members>dreamhouse.Property__c.Zip__c</members>
        <name>FieldPermission</name>
    </types>
    <types>
        <members>dreamhouse.Broker__c</members>
        <members>dreamhouse.Property__c</members>
        <name>ObjectPermission</name>
    </types>
    <types>
        <members>dreamhouse</members>
        <name>PermissionSet</name>
    </types>
    <types>
        <members>dreamhouse.Broker__c</members>
        <members>dreamhouse.Property_Explorer</members>
        <members>dreamhouse.Property_Finder</members>
        <members>dreamhouse.Property__c</members>
        <members>dreamhouse.Settings</members>
        <name>TabSetting</name>
    </types>
    <version>60.0</version>
</Package>
